
> frontend@0.0.0 build
> vite build

[36mvite v8.0.3 [32mbuilding client environment for production...[36m[39m
[2K
transforming.../*! ≡ƒî╝ daisyUI 5.5.19 */
Γ£ô 52 modules transformed.
node.exe : [31mΓ£ù[39m 
Build failed in 1.11s
At C:\Program 
Files\nodejs\npm.ps1:29 
char:3
+   & $NODE_EXE 
$NPM_CLI_JS $args
+   ~~~~~~~~~~~~~~~~~~~~~~
~~~~~~~
    + CategoryInfo        
      : NotSpecified: (  
  [31mΓ£ù[39m Build fa   
 iled in 1.11s:String)    
 [], RemoteException
    + FullyQualifiedError 
   Id : NativeCommandErr  
  or
 
[31merror during build:
[31mBuild failed with 2 
errors:

[31m[UNRESOLVED_IMPORT] 
Error:[0m Could not 
resolve 
'../../hooks/useLogout' 
in src/components/sidebar/
LogoutButton.jsx
   [38;5;246mΓò¡[0m[38;
5;246mΓöÇ[0m[38;5;246m[
[0m src/components/sidebar
/LogoutButton.jsx:2:23 
[38;5;246m][0m
   [38;5;246mΓöé[0m
 [38;5;246m2 Γöé[0m [38
;5;249mi[0m[38;5;249mm[
0m[38;5;249mp[0m[38;5;2
49mo[0m[38;5;249mr[0m[
38;5;249mt[0m[38;5;249m 
[0m[38;5;249mu[0m[38;5
;249ms[0m[38;5;249me[0m
[38;5;249mL[0m[38;5;249
mo[0m[38;5;249mg[0m[38
;5;249mo[0m[38;5;249mu[
0m[38;5;249mt[0m[38;5;2
49m [0m[38;5;249mf[0m[
38;5;249mr[0m[38;5;249mo
[0m[38;5;249mm[0m[38;5
;249m [0m"../../hooks/use
Logout"[38;5;249m;[0m
 [38;5;240m  Γöé[0m     
                  ΓöÇΓöÇΓö
ÇΓöÇΓöÇΓöÇΓöÇΓöÇΓöÇΓöÇΓöÇΓ
ö¼ΓöÇΓöÇΓöÇΓöÇΓöÇΓöÇΓöÇΓöÇ
ΓöÇΓöÇΓöÇ  
 [38;5;240m  Γöé[0m     
                          
   Γò░ΓöÇΓöÇΓöÇΓöÇΓöÇΓöÇΓö
ÇΓöÇΓöÇΓöÇΓöÇΓöÇΓöÇ 
Module not found.
 [38;5;240m  Γöé[0m 
 [38;5;240m  Γöé[0m 
[38;5;115mHelp[0m: 'src/
components/sidebar/LogoutB
utton.jsx' is imported by 
the following path:
 [38;5;240m  Γöé[0m     
    - src/components/sideb
ar/LogoutButton.jsx
 [38;5;240m  Γöé[0m     
    - src/components/sideb
ar/Sidebar.jsx
 [38;5;240m  Γöé[0m     
    - 
src/pages/home/Home.jsx
 [38;5;240m  Γöé[0m     
    - src/App.jsx
 [38;5;240m  Γöé[0m     
    - src/main.jsx
 [38;5;240m  Γöé[0m     
    - index.html
[38;5;246mΓöÇΓöÇΓöÇΓò»[0
m

[31m[UNRESOLVED_IMPORT] 
Error:[0m Could not 
resolve '../hooks/useGetCo
nversations' in src/compon
ents/sidebar/Conversations
.jsx
   [38;5;246mΓò¡[0m[38;
5;246mΓöÇ[0m[38;5;246m[
[0m src/components/sidebar
/Conversations.jsx:2:33 
[38;5;246m][0m
   [38;5;246mΓöé[0m
 [38;5;246m2 Γöé[0m [38
;5;249mi[0m[38;5;249mm[
0m[38;5;249mp[0m[38;5;2
49mo[0m[38;5;249mr[0m[
38;5;249mt[0m[38;5;249m 
[0m[38;5;249mu[0m[38;5
;249ms[0m[38;5;249me[0m
[38;5;249mG[0m[38;5;249
me[0m[38;5;249mt[0m[38
;5;249mC[0m[38;5;249mo[
0m[38;5;249mn[0m[38;5;2
49mv[0m[38;5;249me[0m[
38;5;249mr[0m[38;5;249ms
[0m[38;5;249ma[0m[38;5
;249mt[0m[38;5;249mi[0m
[38;5;249mo[0m[38;5;249
mn[0m[38;5;249ms[0m[38
;5;249m [0m[38;5;249mf[
0m[38;5;249mr[0m[38;5;2
49mo[0m[38;5;249mm[0m[
38;5;249m [0m"../hooks/us
eGetConversations"[38;5;2
49m;[0m
 [38;5;240m  Γöé[0m     
                          
  ΓöÇΓöÇΓöÇΓöÇΓöÇΓöÇΓöÇΓöÇ
ΓöÇΓöÇΓöÇΓöÇΓöÇΓöÇΓöÇΓö¼Γö
ÇΓöÇΓöÇΓöÇΓöÇΓöÇΓöÇΓöÇΓöÇΓ
öÇΓöÇΓöÇΓöÇΓöÇ  
 [38;5;240m  Γöé[0m     
                          
                 Γò░ΓöÇΓöÇ
ΓöÇΓöÇΓöÇΓöÇΓöÇΓöÇΓöÇΓöÇΓö
ÇΓöÇΓöÇΓöÇΓöÇΓöÇ Module 
not found.
 [38;5;240m  Γöé[0m 
 [38;5;240m  Γöé[0m 
[38;5;115mHelp[0m: 'src/
components/sidebar/Convers
ations.jsx' is imported 
by the following path:
 [38;5;240m  Γöé[0m     
    - src/components/sideb
ar/Conversations.jsx
 [38;5;240m  Γöé[0m     
    - src/components/sideb
ar/Sidebar.jsx
 [38;5;240m  Γöé[0m     
    - 
src/pages/home/Home.jsx
 [38;5;240m  Γöé[0m     
    - src/App.jsx
 [38;5;240m  Γöé[0m     
    - src/main.jsx
 [38;5;240m  Γöé[0m     
    - index.html
[38;5;246mΓöÇΓöÇΓöÇΓò»[0
m
[31m
    at aggregateBindingErr
orsIntoJsError (file:///C:
/Users/Rakesh%20kumar/Desk
top/authchat/frontend/node
_modules/rolldown/dist/sha
red/error-BLhcSyeg.mjs:48:
18)
    at 
unwrapBindingResult (file:
///C:/Users/Rakesh%20kumar
/Desktop/authchat/frontend
/node_modules/rolldown/dis
t/shared/error-BLhcSyeg.mj
s:18:128)
    at #build (file:///C:/
Users/Rakesh%20kumar/Deskt
op/authchat/frontend/node_
modules/rolldown/dist/shar
ed/rolldown-build-CPrIX9V6
.mjs:3313:34)
    at async 
buildEnvironment (file:///
C:/Users/Rakesh%20kumar/De
sktop/authchat/frontend/no
de_modules/vite/dist/node/
chunks/node.js:32849:64)
    at async Object.build 
(file:///C:/Users/Rakesh%2
0kumar/Desktop/authchat/fr
ontend/node_modules/vite/d
ist/node/chunks/node.js:33
271:19)
    at async 
Object.buildApp (file:///C
:/Users/Rakesh%20kumar/Des
ktop/authchat/frontend/nod
e_modules/vite/dist/node/c
hunks/node.js:33268:153)
    at async 
CAC.<anonymous> (file:///C
:/Users/Rakesh%20kumar/Des
ktop/authchat/frontend/nod
e_modules/vite/dist/node/c
li.js:778:3) {
  errors: [Getter/Setter]
}[39m
